Archive member included to satisfy reference by file (symbol)

/usr/lib/gcc/arm-none-eabi/13.2.1/../../../arm-none-eabi/lib/thumb/v7e-m+fp/hard/libg_nano.a(libc_a-strcpy.o)
                              CMakeFiles/MCI-Lab10.dir/Core/Src/main.c.obj (strcpy)
/usr/lib/gcc/arm-none-eabi/13.2.1/../../../arm-none-eabi/lib/thumb/v7e-m+fp/hard/libg_nano.a(libc_a-init.o)
                              /usr/lib/gcc/arm-none-eabi/13.2.1/../../../arm-none-eabi/lib/thumb/v7e-m+fp/hard/crt0.o (__libc_init_array)
/usr/lib/gcc/arm-none-eabi/13.2.1/../../../arm-none-eabi/lib/thumb/v7e-m+fp/hard/libg_nano.a(libc_a-strlen.o)
                              CMakeFiles/MCI-Lab10.dir/Core/Src/main.c.obj (strlen)
/usr/lib/gcc/arm-none-eabi/13.2.1/../../../arm-none-eabi/lib/thumb/v7e-m+fp/hard/libg_nano.a(libc_a-memset.o)
                              /usr/lib/gcc/arm-none-eabi/13.2.1/../../../arm-none-eabi/lib/thumb/v7e-m+fp/hard/crt0.o (memset)
/usr/lib/gcc/arm-none-eabi/13.2.1/../../../arm-none-eabi/lib/thumb/v7e-m+fp/hard/libg_nano.a(libc_a-errno.o)
                              CMakeFiles/MCI-Lab10.dir/Core/Src/sysmem.c.obj (__errno)
/usr/lib/gcc/arm-none-eabi/13.2.1/../../../arm-none-eabi/lib/thumb/v7e-m+fp/hard/libg_nano.a(libc_a-exit.o)
                              /usr/lib/gcc/arm-none-eabi/13.2.1/../../../arm-none-eabi/lib/thumb/v7e-m+fp/hard/crt0.o (exit)
/usr/lib/gcc/arm-none-eabi/13.2.1/../../../arm-none-eabi/lib/thumb/v7e-m+fp/hard/libg_nano.a(libc_a-atexit.o)
                              /usr/lib/gcc/arm-none-eabi/13.2.1/../../../arm-none-eabi/lib/thumb/v7e-m+fp/hard/crt0.o (atexit)
/usr/lib/gcc/arm-none-eabi/13.2.1/../../../arm-none-eabi/lib/thumb/v7e-m+fp/hard/libg_nano.a(libc_a-fini.o)
                              /usr/lib/gcc/arm-none-eabi/13.2.1/../../../arm-none-eabi/lib/thumb/v7e-m+fp/hard/crt0.o (__libc_fini_array)
/usr/lib/gcc/arm-none-eabi/13.2.1/../../../arm-none-eabi/lib/thumb/v7e-m+fp/hard/libg_nano.a(libc_a-impure.o)
                              /usr/lib/gcc/arm-none-eabi/13.2.1/../../../arm-none-eabi/lib/thumb/v7e-m+fp/hard/libg_nano.a(libc_a-errno.o) (_impure_ptr)
/usr/lib/gcc/arm-none-eabi/13.2.1/../../../arm-none-eabi/lib/thumb/v7e-m+fp/hard/libg_nano.a(libc_a-findfp.o)
                              /usr/lib/gcc/arm-none-eabi/13.2.1/../../../arm-none-eabi/lib/thumb/v7e-m+fp/hard/libg_nano.a(libc_a-exit.o) (__stdio_exit_handler)
/usr/lib/gcc/arm-none-eabi/13.2.1/../../../arm-none-eabi/lib/thumb/v7e-m+fp/hard/libg_nano.a(libc_a-fflush.o)
                              /usr/lib/gcc/arm-none-eabi/13.2.1/../../../arm-none-eabi/lib/thumb/v7e-m+fp/hard/libg_nano.a(libc_a-findfp.o) (_fflush_r)
/usr/lib/gcc/arm-none-eabi/13.2.1/../../../arm-none-eabi/lib/thumb/v7e-m+fp/hard/libg_nano.a(libc_a-mallocr.o)
                              /usr/lib/gcc/arm-none-eabi/13.2.1/../../../arm-none-eabi/lib/thumb/v7e-m+fp/hard/libg_nano.a(libc_a-findfp.o) (_malloc_r)
/usr/lib/gcc/arm-none-eabi/13.2.1/../../../arm-none-eabi/lib/thumb/v7e-m+fp/hard/libg_nano.a(libc_a-freer.o)
                              /usr/lib/gcc/arm-none-eabi/13.2.1/../../../arm-none-eabi/lib/thumb/v7e-m+fp/hard/libg_nano.a(libc_a-fflush.o) (_free_r)
/usr/lib/gcc/arm-none-eabi/13.2.1/../../../arm-none-eabi/lib/thumb/v7e-m+fp/hard/libg_nano.a(libc_a-fwalk.o)
                              /usr/lib/gcc/arm-none-eabi/13.2.1/../../../arm-none-eabi/lib/thumb/v7e-m+fp/hard/libg_nano.a(libc_a-findfp.o) (_fwalk_sglue)
/usr/lib/gcc/arm-none-eabi/13.2.1/../../../arm-none-eabi/lib/thumb/v7e-m+fp/hard/libg_nano.a(libc_a-__atexit.o)
                              /usr/lib/gcc/arm-none-eabi/13.2.1/../../../arm-none-eabi/lib/thumb/v7e-m+fp/hard/libg_nano.a(libc_a-atexit.o) (__register_exitproc)
/usr/lib/gcc/arm-none-eabi/13.2.1/../../../arm-none-eabi/lib/thumb/v7e-m+fp/hard/libg_nano.a(libc_a-mlock.o)
                              /usr/lib/gcc/arm-none-eabi/13.2.1/../../../arm-none-eabi/lib/thumb/v7e-m+fp/hard/libg_nano.a(libc_a-mallocr.o) (__malloc_lock)
/usr/lib/gcc/arm-none-eabi/13.2.1/../../../arm-none-eabi/lib/thumb/v7e-m+fp/hard/libg_nano.a(libc_a-sbrkr.o)
                              /usr/lib/gcc/arm-none-eabi/13.2.1/../../../arm-none-eabi/lib/thumb/v7e-m+fp/hard/libg_nano.a(libc_a-mallocr.o) (_sbrk_r)
/usr/lib/gcc/arm-none-eabi/13.2.1/../../../arm-none-eabi/lib/thumb/v7e-m+fp/hard/libg_nano.a(libc_a-stdio.o)
                              /usr/lib/gcc/arm-none-eabi/13.2.1/../../../arm-none-eabi/lib/thumb/v7e-m+fp/hard/libg_nano.a(libc_a-findfp.o) (__sread)
/usr/lib/gcc/arm-none-eabi/13.2.1/../../../arm-none-eabi/lib/thumb/v7e-m+fp/hard/libg_nano.a(libc_a-closer.o)
                              /usr/lib/gcc/arm-none-eabi/13.2.1/../../../arm-none-eabi/lib/thumb/v7e-m+fp/hard/libg_nano.a(libc_a-stdio.o) (_close_r)
/usr/lib/gcc/arm-none-eabi/13.2.1/../../../arm-none-eabi/lib/thumb/v7e-m+fp/hard/libg_nano.a(libc_a-__call_atexit.o)
[...]
Memory Configuration

Name             Origin             Length             Attributes
RAM              0x20000000         0x0000a000         xrw
CCMRAM           0x10000000         0x00002000         xrw
FLASH            0x08000000         0x00040000         xr
*default*        0x00000000         0xffffffff

Linker script and memory map

LOAD /usr/lib/gcc/arm-none-eabi/13.2.1/thumb/v7e-m+fp/hard/crti.o
LOAD /usr/lib/gcc/arm-none-eabi/13.2.1/thumb/v7e-m+fp/hard/crtbegin.o
LOAD /usr/lib/gcc/arm-none-eabi/13.2.1/../../../arm-none-eabi/lib/thumb/v7e-m+fp/hard/crt0.o
LOAD CMakeFiles/MCI-Lab10.dir/Core/Src/main.c.obj
LOAD CMakeFiles/MCI-Lab10.dir/Core/Src/heap_driver.c.obj
LOAD CMakeFiles/MCI-Lab10.dir/Core/Src/stm32f3xx_it.c.obj
LOAD CMakeFiles/MCI-Lab10.dir/Core/Src/stm32f3xx_hal_msp.c.obj
LOAD CMakeFiles/MCI-Lab10.dir/Core/Src/sysmem.c.obj
LOAD CMakeFiles/MCI-Lab10.dir/Core/Src/syscalls.c.obj
LOAD CMakeFiles/MCI-Lab10.dir/startup_stm32f303xc.s.obj
LOAD cmake/stm32cubemx/CMakeFiles/STM32_Drivers.dir/__/__/Core/Src/system_stm32f3xx.c.obj
LOAD cmake/stm32cubemx/CMakeFiles/STM32_Drivers.dir/__/__/Drivers/STM32F3xx_HAL_Driver/Src/stm32f3xx_ll_usb.c.obj
LOAD cmake/stm32cubemx/CMakeFiles/STM32_Drivers.dir/__/__/Drivers/STM32F3xx_HAL_Driver/Src/stm32f3xx_hal_i2c.c.obj
LOAD cmake/stm32cubemx/CMakeFiles/STM32_Drivers.dir/__/__/Drivers/STM32F3xx_HAL_Driver/Src/stm32f3xx_hal_i2c_ex.c.obj
LOAD cmake/stm32cubemx/CMakeFiles/STM32_Drivers.dir/__/__/Drivers/STM32F3xx_HAL_Driver/Src/stm32f3xx_hal.c.obj
LOAD cmake/stm32cubemx/CMakeFiles/STM32_Drivers.dir/__/__/Drivers/STM32F3xx_HAL_Driver/Src/stm32f3xx_hal_rcc.c.obj
LOAD cmake/stm32cubemx/CMakeFiles/STM32_Drivers.dir/__/__/Drivers/STM32F3xx_HAL_Driver/Src/stm32f3xx_hal_rcc_ex.c.obj
LOAD cmake/stm32cubemx/CMakeFiles/STM32_Drivers.dir/__/__/Drivers/STM32F3xx_HAL_Driver/Src/stm32f3xx_hal_gpio.c.obj
LOAD cmake/stm32cubemx/CMakeFiles/STM32_Drivers.dir/__/__/Drivers/STM32F3xx_HAL_Driver/Src/stm32f3xx_hal_dma.c.obj
LOAD cmake/stm32cubemx/CMakeFiles/STM32_Drivers.dir/__/__/Drivers/STM32F3xx_HAL_Driver/Src/stm32f3xx_hal_cortex.c.obj
LOAD cmake/stm32cubemx/CMakeFiles/STM32_Drivers.dir/__/__/Drivers/STM32F3xx_HAL_Driver/Src/stm32f3xx_hal_pwr.c.obj
LOAD cmake/stm32cubemx/CMakeFiles/STM32_Drivers.dir/__/__/Drivers/STM32F3xx_HAL_Driver/Src/stm32f3xx_hal_pwr_ex.c.obj
LOAD cmake/stm32cubemx/CMakeFiles/STM32_Drivers.dir/__/__/Drivers/STM32F3xx_HAL_Driver/Src/stm32f3xx_hal_flash.c.obj
LOAD cmake/stm32cubemx/CMakeFiles/STM32_Drivers.dir/__/__/Drivers/STM32F3xx_HAL_Driver/Src/stm32f3xx_hal_flash_ex.c.obj
LOAD cmake/stm32cubemx/CMakeFiles/STM32_Drivers.dir/__/__/Drivers/STM32F3xx_HAL_Driver/Src/stm32f3xx_hal_exti.c.obj
LOAD cmake/stm32cubemx/CMakeFiles/STM32_Drivers.dir/__/__/Drivers/STM32F3xx_HAL_Driver/Src/stm32f3xx_hal_spi.c.obj
LOAD cmake/stm32cubemx/CMakeFiles/STM32_Drivers.dir/__/__/Drivers/STM32F3xx_HAL_Driver/Src/stm32f3xx_hal_spi_ex.c.obj
LOAD cmake/stm32cubemx/CMakeFiles/STM32_Drivers.dir/__/__/Drivers/STM32F3xx_HAL_Driver/Src/stm32f3xx_hal_uart.c.obj
LOAD cmake/stm32cubemx/CMakeFiles/STM32_Drivers.dir/__/__/Drivers/STM32F3xx_HAL_Driver/Src/stm32f3xx_hal_uart_ex.c.obj
LOAD cmake/stm32cubemx/CMakeFiles/STM32_Drivers.dir/__/__/Drivers/STM32F3xx_HAL_Driver/Src/stm32f3xx_hal_pcd.c.obj
LOAD cmake/stm32cubemx/CMakeFiles/STM32_Drivers.dir/__/__/Drivers/STM32F3xx_HAL_Driver/Src/stm32f3xx_hal_pcd_ex.c.obj
LOAD /usr/lib/gcc/arm-none-eabi/13.2.1/../../../arm-none-eabi/lib/thumb/v7e-m+fp/hard/libm.a
START GROUP
LOAD /usr/lib/gcc/arm-none-eabi/13.2.1/thumb/v7e-m+fp/hard/libgcc.a
LOAD /usr/lib/gcc/arm-none-eabi/13.2.1/../../../arm-none-eabi/lib/thumb/v7e-m+fp/hard/libg_nano.a
LOAD /usr/lib/gcc/arm-none-eabi/13.2.1/../../../arm-none-eabi/lib/thumb/v7e-m+fp/hard/libc_nano.a
END GROUP
START GROUP
LOAD /usr/lib/gcc/arm-none-eabi/13.2.1/thumb/v7e-m+fp/hard/libgcc.a
LOAD /usr/lib/gcc/arm-none-eabi/13.2.1/../../../arm-none-eabi/lib/thumb/v7e-m+fp/hard/libc_nano.a
END GROUP
LOAD /usr/lib/gcc/arm-none-eabi/13.2.1/thumb/v7e-m+fp/hard/crtend.o
LOAD /usr/lib/gcc/arm-none-eabi/13.2.1/thumb/v7e-m+fp/hard/crtn.o
                0x2000a000                        _estack = (ORIGIN (RAM) + LENGTH (RAM))
                0x00000200                        _Min_Heap_Size = 0x200
                0x00000400                        _Min_Stack_Size = 0x400

.isr_vector     0x08000000      0x188
                0x08000000                        . = ALIGN (0x4)
 *(.isr_vector)
 .isr_vector    0x08000000      0x188 CMakeFiles/MCI-Lab10.dir/startup_stm32f303xc.s.obj
                0x08000000                g_pfnVectors
                0x08000188                        . = ALIGN (0x4)

.text           0x080001c0     0x1c70
                0x080001c0                        . = ALIGN (0x4)
 *(.text)
 .text          0x080001c0       0x88 /usr/lib/gcc/arm-none-eabi/13.2.1/thumb/v7e-m+fp/hard/crtbegin.o
 .text          0x08000248       0xbc /usr/lib/gcc/arm-none-eabi/13.2.1/../../../arm-none-eabi/lib/thumb/v7e-m+fp/hard/libg_nano.a(libc_a-strcpy.o)
                0x08000248                strcpy
 .text          0x08000304       0x50 /usr/lib/gcc/arm-none-eabi/13.2.1/../../../arm-none-eabi/lib/thumb/v7e-m+fp/hard/libg_nano.a(libc_a-init.o)
                0x08000304                __libc_init_array
 *fill*         0x08000354       0x2c 
 .text          0x08000380       0xd8 /usr/lib/gcc/arm-none-eabi/13.2.1/../../../arm-none-eabi/lib/thumb/v7e-m+fp/hard/libg_nano.a(libc_a-strlen.o)
                0x08000380                strlen
 .text          0x08000458       0xa4 /usr/lib/gcc/arm-none-eabi/13.2.1/../../../arm-none-eabi/lib/thumb/v7e-m+fp/hard/libg_nano.a(libc_a-memset.o)
                0x08000458                memset
 *(.text*)
 .text.print_uart
                0x080004fc       0x20 CMakeFiles/MCI-Lab10.dir/Core/Src/main.c.obj
                0x080004fc                print_uart
 .text.SystemClock_Config
                0x0800051c       0x94 CMakeFiles/MCI-Lab10.dir/Core/Src/main.c.obj
                0x0800051c                SystemClock_Config
 .text.startup.main
                0x080005b0      0x228 CMakeFiles/MCI-Lab10.dir/Core/Src/main.c.obj
                0x080005b0                main
 .text.heap_init
                0x080007d8       0x28 CMakeFiles/MCI-Lab10.dir/Core/Src/heap_driver.c.obj
                0x080007d8                heap_init
 .text.heap_alloc
                0x08000800       0x5c CMakeFiles/MCI-Lab10.dir/Core/Src/heap_driver.c.obj
                0x08000800                heap_alloc
 .text.heap_free
                0x0800085c       0x44 CMakeFiles/MCI-Lab10.dir/Core/Src/heap_driver.c.obj
                0x0800085c                heap_free
 .text.NMI_Handler
                0x080008a0        0x2 CMakeFiles/MCI-Lab10.dir/Core/Src/stm32f3xx_it.c.obj
                0x080008a0                NMI_Handler
 .text.HardFault_Handler
                0x080008a2        0x2 CMakeFiles/MCI-Lab10.dir/Core/Src/stm32f3xx_it.c.obj
                0x080008a2                HardFault_Handler
 .text.MemManage_Handler
                0x080008a4        0x2 CMakeFiles/MCI-Lab10.dir/Core/Src/stm32f3xx_it.c.obj
                0x080008a4                MemManage_Handler
 .text.BusFault_Handler
                0x080008a6        0x2 CMakeFiles/MCI-Lab10.dir/Core/Src/stm32f3xx_it.c.obj
                0x080008a6                BusFault_Handler
 .text.UsageFault_Handler
                0x080008a8        0x2 CMakeFiles/MCI-Lab10.dir/Core/Src/stm32f3xx_it.c.obj
                0x080008a8                UsageFault_Handler
 .text.SVC_Handler
                0x080008aa        0x2 CMakeFiles/MCI-Lab10.dir/Core/Src/stm32f3xx_it.c.obj
                0x080008aa                SVC_Handler
 .text.DebugMon_Handler
                0x080008ac        0x2 CMakeFiles/MCI-Lab10.dir/Core/Src/stm32f3xx_it.c.obj
                0x080008ac                DebugMon_Handler
 .text.PendSV_Handler
                0x080008ae        0x2 CMakeFiles/MCI-Lab10.dir/Core/Src/stm32f3xx_it.c.obj
                0x080008ae                PendSV_Handler
 .text.SysTick_Handler
                0x080008b0        0x4 CMakeFiles/MCI-Lab10.dir/Core/Src/stm32f3xx_it.c.obj
                0x080008b0                SysTick_Handler
 .text.HAL_MspInit
                0x080008b4       0x34 CMakeFiles/MCI-Lab10.dir/Core/Src/stm32f3xx_hal_msp.c.obj
                0x080008b4                HAL_MspInit
 .text.HAL_I2C_MspInit
                0x080008e8       0x6c CMakeFiles/MCI-Lab10.dir/Core/Src/stm32f3xx_hal_msp.c.obj
                0x080008e8                HAL_I2C_MspInit
 .text.HAL_SPI_MspInit
                0x08000954       0x64 CMakeFiles/MCI-Lab10.dir/Core/Src/stm32f3xx_hal_msp.c.obj
                0x08000954                HAL_SPI_MspInit
 .text.HAL_UART_MspInit
                0x080009b8       0x64 CMakeFiles/MCI-Lab10.dir/Core/Src/stm32f3xx_hal_msp.c.obj
                0x080009b8                HAL_UART_MspInit
 .text.HAL_PCD_MspInit
                0x08000a1c       0x68 CMakeFiles/MCI-Lab10.dir/Core/Src/stm32f3xx_hal_msp.c.obj
                0x08000a1c                HAL_PCD_MspInit
 .text.Reset_Handler
                0x08000a84       0x50 CMakeFiles/MCI-Lab10.dir/startup_stm32f303xc.s.obj
                0x08000a84                Reset_Handler
 .text.Default_Handler
                0x08000ad4        0x2 CMakeFiles/MCI-Lab10.dir/startup_stm32f303xc.s.obj
                0x08000ad4                RTC_Alarm_IRQHandler
                0x08000ad4                TIM8_TRG_COM_IRQHandler
                0x08000ad4                TIM8_CC_IRQHandler
                0x08000ad4                TIM1_CC_IRQHandler
                0x08000ad4                USB_HP_IRQHandler
                0x08000ad4                PVD_IRQHandler
                0x08000ad4                TAMP_STAMP_IRQHandler
                0x08000ad4                EXTI3_IRQHandler
                0x08000ad4                USB_HP_CAN_TX_IRQHandler
                0x08000ad4                EXTI0_IRQHandler
                0x08000ad4                I2C2_EV_IRQHandler
                0x08000ad4                FPU_IRQHandler
                0x08000ad4                TIM1_UP_TIM16_IRQHandler
                0x08000ad4                ADC1_2_IRQHandler
                0x08000ad4                SPI1_IRQHandler
                0x08000ad4                CAN_SCE_IRQHandler
                0x08000ad4                TIM6_DAC_IRQHandler
                0x08000ad4                TIM8_UP_IRQHandler
                0x08000ad4                DMA2_Channel2_IRQHandler
                0x08000ad4                DMA1_Channel4_IRQHandler
                0x08000ad4                USART3_IRQHandler
                0x08000ad4                DMA1_Channel7_IRQHandler
                0x08000ad4                UART5_IRQHandler
                0x08000ad4                ADC3_IRQHandler
                0x08000ad4                TIM4_IRQHandler
                0x08000ad4                CAN_RX1_IRQHandler
                0x08000ad4                DMA2_Channel1_IRQHandler
                0x08000ad4                I2C1_EV_IRQHandler
                0x08000ad4                DMA1_Channel6_IRQHandler
                0x08000ad4                UART4_IRQHandler
                0x08000ad4                DMA2_Channel4_IRQHandler
                0x08000ad4                TIM3_IRQHandler
                0x08000ad4                RCC_IRQHandler
                0x08000ad4                DMA1_Channel1_IRQHandler
                0x08000ad4                Default_Handler
                0x08000ad4                USBWakeUp_RMP_IRQHandler
                0x08000ad4                EXTI15_10_IRQHandler
                0x08000ad4                TIM7_IRQHandler
                0x08000ad4                EXTI9_5_IRQHandler
                0x08000ad4                RTC_WKUP_IRQHandler
                0x08000ad4                SPI2_IRQHandler
                0x08000ad4                USB_LP_CAN_RX0_IRQHandler
                0x08000ad4                DMA2_Channel5_IRQHandler
                0x08000ad4                DMA1_Channel5_IRQHandler
                0x08000ad4                USB_LP_IRQHandler
                0x08000ad4                EXTI4_IRQHandler
                0x08000ad4                TIM1_TRG_COM_TIM17_IRQHandler
                0x08000ad4                DMA1_Channel3_IRQHandler
                0x08000ad4                ADC4_IRQHandler
                0x08000ad4                WWDG_IRQHandler
                0x08000ad4                TIM2_IRQHandler
                0x08000ad4                COMP7_IRQHandler
                0x08000ad4                COMP1_2_3_IRQHandler
                0x08000ad4                EXTI1_IRQHandler
                0x08000ad4                USART2_IRQHandler
                0x08000ad4                COMP4_5_6_IRQHandler
                0x08000ad4                I2C2_ER_IRQHandler
                0x08000ad4                DMA1_Channel2_IRQHandler
                0x08000ad4                TIM8_BRK_IRQHandler
                0x08000ad4                FLASH_IRQHandler
                0x08000ad4                USART1_IRQHandler
                0x08000ad4                SPI3_IRQHandler
                0x08000ad4                I2C1_ER_IRQHandler
                0x08000ad4                USBWakeUp_IRQHandler
                0x08000ad4                DMA2_Channel3_IRQHandler
                0x08000ad4                EXTI2_TSC_IRQHandler
                0x08000ad4                TIM1_BRK_TIM15_IRQHandler
 *fill*         0x08000ad6        0x2 
 .text.SystemInit
                0x08000ad8       0x14 cmake/stm32cubemx/CMakeFiles/STM32_Drivers.dir/__/__/Core/Src/system_stm32f3xx.c.obj
                0x08000ad8                SystemInit
 .text.USB_DisableGlobalInt
                0x08000aec       0x14 cmake/stm32cubemx/CMakeFiles/STM32_Drivers.dir/__/__/Drivers/STM32F3xx_HAL_Driver/Src/stm32f3xx_ll_usb.c.obj
                0x08000aec                USB_DisableGlobalInt
 .text.USB_DevInit
                0x08000b00       0x22 cmake/stm32cubemx/CMakeFiles/STM32_Drivers.dir/__/__/Drivers/STM32F3xx_HAL_Driver/Src/stm32f3xx_ll_usb.c.obj
                0x08000b00                USB_DevInit
 .text.HAL_I2C_Init
                0x08000b22       0xaa cmake/stm32cubemx/CMakeFiles/STM32_Drivers.dir/__/__/Drivers/STM32F3xx_HAL_Driver/Src/stm32f3xx_hal_i2c.c.obj
                0x08000b22                HAL_I2C_Init
 .text.HAL_I2CEx_ConfigAnalogFilter
                0x08000bcc       0x4c cmake/stm32cubemx/CMakeFiles/STM32_Drivers.dir/__/__/Drivers/STM32F3xx_HAL_Driver/Src/stm32f3xx_hal_i2c_ex.c.obj
                0x08000bcc                HAL_I2CEx_ConfigAnalogFilter
 .text.HAL_I2CEx_ConfigDigitalFilter
                0x08000c18       0x4a cmake/stm32cubemx/CMakeFiles/STM32_Drivers.dir/__/__/Drivers/STM32F3xx_HAL_Driver/Src/stm32f3xx_hal_i2c_ex.c.obj
                0x08000c18                HAL_I2CEx_ConfigDigitalFilter
 *fill*         0x08000c62        0x2 
 .text.HAL_InitTick
                0x08000c64       0x48 cmake/stm32cubemx/CMakeFiles/STM32_Drivers.dir/__/__/Drivers/STM32F3xx_HAL_Driver/Src/stm32f3xx_hal.c.obj
                0x08000c64                HAL_InitTick
 .text.HAL_Init
                0x08000cac       0x24 cmake/stm32cubemx/CMakeFiles/STM32_Drivers.dir/__/__/Drivers/STM32F3xx_HAL_Driver/Src/stm32f3xx_hal.c.obj
                0x08000cac                HAL_Init
 .text.HAL_IncTick
                0x08000cd0       0x18 cmake/stm32cubemx/CMakeFiles/STM32_Drivers.dir/__/__/Drivers/STM32F3xx_HAL_Driver/Src/stm32f3xx_hal.c.obj
                0x08000cd0                HAL_IncTick
 .text.HAL_GetTick
                0x08000ce8        0xc cmake/stm32cubemx/CMakeFiles/STM32_Drivers.dir/__/__/Drivers/STM32F3xx_HAL_Driver/Src/stm32f3xx_hal.c.obj
                0x08000ce8                HAL_GetTick
 .text.HAL_RCC_OscConfig
                0x08000cf4      0x4b8 cmake/stm32cubemx/CMakeFiles/STM32_Drivers.dir/__/__/Drivers/STM32F3xx_HAL_Driver/Src/stm32f3xx_hal_rcc.c.obj
                0x08000cf4                HAL_RCC_OscConfig
 .text.HAL_RCC_GetSysClockFreq
                0x080011ac       0x48 cmake/stm32cubemx/CMakeFiles/STM32_Drivers.dir/__/__/Drivers/STM32F3xx_HAL_Driver/Src/stm32f3xx_hal_rcc.c.obj
                0x080011ac                HAL_RCC_GetSysClockFreq
 .text.HAL_RCC_ClockConfig
                0x080011f4      0x150 cmake/stm32cubemx/CMakeFiles/STM32_Drivers.dir/__/__/Drivers/STM32F3xx_HAL_Driver/Src/stm32f3xx_hal_rcc.c.obj
                0x080011f4                HAL_RCC_ClockConfig
 .text.HAL_RCC_GetPCLK1Freq
                0x08001344       0x30 cmake/stm32cubemx/CMakeFiles/STM32_Drivers.dir/__/__/Drivers/STM32F3xx_HAL_Driver/Src/stm32f3xx_hal_rcc.c.obj
                0x08001344                HAL_RCC_GetPCLK1Freq
 .text.HAL_RCC_GetPCLK2Freq
                0x08001374       0x30 cmake/stm32cubemx/CMakeFiles/STM32_Drivers.dir/__/__/Drivers/STM32F3xx_HAL_Driver/Src/stm32f3xx_hal_rcc.c.obj
                0x08001374                HAL_RCC_GetPCLK2Freq
 .text.HAL_RCCEx_PeriphCLKConfig
                0x080013a4      0x1fc cmake/stm32cubemx/CMakeFiles/STM32_Drivers.dir/__/__/Drivers/STM32F3xx_HAL_Driver/Src/stm32f3xx_hal_rcc_ex.c.obj
                0x080013a4                HAL_RCCEx_PeriphCLKConfig
 .text.HAL_GPIO_Init
                0x080015a0      0x188 cmake/stm32cubemx/CMakeFiles/STM32_Drivers.dir/__/__/Drivers/STM32F3xx_HAL_Driver/Src/stm32f3xx_hal_gpio.c.obj
                0x080015a0                HAL_GPIO_Init
 .text.HAL_GPIO_WritePin
                0x08001728        0xa cmake/stm32cubemx/CMakeFiles/STM32_Drivers.dir/__/__/Drivers/STM32F3xx_HAL_Driver/Src/stm32f3xx_hal_gpio.c.obj
                0x08001728                HAL_GPIO_WritePin
 *fill*         0x08001732        0x2 
 .text.HAL_NVIC_SetPriorityGrouping
                0x08001734       0x24 cmake/stm32cubemx/CMakeFiles/STM32_Drivers.dir/__/__/Drivers/STM32F3xx_HAL_Driver/Src/stm32f3xx_hal_cortex.c.obj
                0x08001734                HAL_NVIC_SetPriorityGrouping
 .text.HAL_NVIC_SetPriority
                0x08001758       0x64 cmake/stm32cubemx/CMakeFiles/STM32_Drivers.dir/__/__/Drivers/STM32F3xx_HAL_Driver/Src/stm32f3xx_hal_cortex.c.obj
                0x08001758                HAL_NVIC_SetPriority
 .text.HAL_SYSTICK_Config
                0x080017bc       0x28 cmake/stm32cubemx/CMakeFiles/STM32_Drivers.dir/__/__/Drivers/STM32F3xx_HAL_Driver/Src/stm32f3xx_hal_cortex.c.obj
                0x080017bc                HAL_SYSTICK_Config
 .text.HAL_SPI_Init
                0x080017e4       0xdc cmake/stm32cubemx/CMakeFiles/STM32_Drivers.dir/__/__/Drivers/STM32F3xx_HAL_Driver/Src/stm32f3xx_hal_spi.c.obj
                0x080017e4                HAL_SPI_Init
 .text.UART_EndRxTransfer
                0x080018c0       0x50 cmake/stm32cubemx/CMakeFiles/STM32_Drivers.dir/__/__/Drivers/STM32F3xx_HAL_Driver/Src/stm32f3xx_hal_uart.c.obj
 .text.UART_SetConfig
                0x08001910      0x188 cmake/stm32cubemx/CMakeFiles/STM32_Drivers.dir/__/__/Drivers/STM32F3xx_HAL_Driver/Src/stm32f3xx_hal_uart.c.obj
                0x08001910                UART_SetConfig
 .text.UART_AdvFeatureConfig
                0x08001a98       0xa8 cmake/stm32cubemx/CMakeFiles/STM32_Drivers.dir/__/__/Drivers/STM32F3xx_HAL_Driver/Src/stm32f3xx_hal_uart.c.obj
                0x08001a98                UART_AdvFeatureConfig
 .text.UART_WaitOnFlagUntilTimeout
                0x08001b40       0x90 cmake/stm32cubemx/CMakeFiles/STM32_Drivers.dir/__/__/Drivers/STM32F3xx_HAL_Driver/Src/stm32f3xx_hal_uart.c.obj
                0x08001b40                UART_WaitOnFlagUntilTimeout
 .text.HAL_UART_Transmit
                0x08001bd0       0xa2 cmake/stm32cubemx/CMakeFiles/STM32_Drivers.dir/__/__/Drivers/STM32F3xx_HAL_Driver/Src/stm32f3xx_hal_uart.c.obj
                0x08001bd0                HAL_UART_Transmit
 .text.UART_CheckIdleState
                0x08001c72       0xb2 cmake/stm32cubemx/CMakeFiles/STM32_Drivers.dir/__/__/Drivers/STM32F3xx_HAL_Driver/Src/stm32f3xx_hal_uart.c.obj
                0x08001c72                UART_CheckIdleState
 .text.HAL_UART_Init
                0x08001d24       0x5c cmake/stm32cubemx/CMakeFiles/STM32_Drivers.dir/__/__/Drivers/STM32F3xx_HAL_Driver/Src/stm32f3xx_hal_uart.c.obj
                0x08001d24                HAL_UART_Init
 .text.HAL_PCD_Init
                0x08001d80       0x98 cmake/stm32cubemx/CMakeFiles/STM32_Drivers.dir/__/__/Drivers/STM32F3xx_HAL_Driver/Src/stm32f3xx_hal_pcd.c.obj
                0x08001d80                HAL_PCD_Init
 *(.glue_7)
 .glue_7        0x08001e18        0x0 linker stubs
 *(.glue_7t)
 .glue_7t       0x08001e18        0x0 linker stubs
 *(.eh_frame)
 .eh_frame      0x08001e18        0x0 /usr/lib/gcc/arm-none-eabi/13.2.1/thumb/v7e-m+fp/hard/crtbegin.o
 *(.init)
 .init          0x08001e18        0x4 /usr/lib/gcc/arm-none-eabi/13.2.1/thumb/v7e-m+fp/hard/crti.o
                0x08001e18                _init
 .init          0x08001e1c        0x8 /usr/lib/gcc/arm-none-eabi/13.2.1/thumb/v7e-m+fp/hard/crtn.o
 *(.fini)
 .fini          0x08001e24        0x4 /usr/lib/gcc/arm-none-eabi/13.2.1/thumb/v7e-m+fp/hard/crti.o
                0x08001e24                _fini
 .fini          0x08001e28        0x8 /usr/lib/gcc/arm-none-eabi/13.2.1/thumb/v7e-m+fp/hard/crtn.o
                0x08001e30                        . = ALIGN (0x4)
                0x08001e30                        _etext = .

.vfp11_veneer   0x08001e30        0x0
 .vfp11_veneer  0x08001e30        0x0 linker stubs

.v4_bx          0x08001e30        0x0
 .v4_bx         0x08001e30        0x0 linker stubs

.iplt           0x08001e30        0x0
 .iplt          0x08001e30        0x0 /usr/lib/gcc/arm-none-eabi/13.2.1/thumb/v7e-m+fp/hard/crtbegin.o

.rodata         0x08001e30       0xac
                0x08001e30                        . = ALIGN (0x4)
 *(.rodata)
 *(.rodata*)
 .rodata.main.str1.1
                0x08001e30       0x72 CMakeFiles/MCI-Lab10.dir/Core/Src/main.c.obj
                                 0x75 (size before relaxing)
 .rodata.APBPrescTable
                0x08001ea2        0x8 cmake/stm32cubemx/CMakeFiles/STM32_Drivers.dir/__/__/Core/Src/system_stm32f3xx.c.obj
                0x08001ea2                APBPrescTable
 .rodata.AHBPrescTable
                0x08001eaa       0x10 cmake/stm32cubemx/CMakeFiles/STM32_Drivers.dir/__/__/Core/Src/system_stm32f3xx.c.obj
                0x08001eaa                AHBPrescTable
 .rodata.aPredivFactorTable
                0x08001eba       0x10 cmake/stm32cubemx/CMakeFiles/STM32_Drivers.dir/__/__/Drivers/STM32F3xx_HAL_Driver/Src/stm32f3xx_hal_rcc.c.obj
 .rodata.aPLLMULFactorTable
                0x08001eca       0x10 cmake/stm32cubemx/CMakeFiles/STM32_Drivers.dir/__/__/Drivers/STM32F3xx_HAL_Driver/Src/stm32f3xx_hal_rcc.c.obj
                0x08001edc                        . = ALIGN (0x4)
 *fill*         0x08001eda        0x2 

.ARM.extab      0x08001edc        0x0
                0x08001edc                        . = ALIGN (0x4)
 *(.ARM.extab* .gnu.linkonce.armextab.*)
                0x08001edc                        . = ALIGN (0x4)

.ARM            0x08001edc        0x8
                0x08001edc                        . = ALIGN (0x4)
                0x08001edc                        __exidx_start = .
 *(.ARM.exidx*)
 .ARM.exidx     0x08001edc        0x8 /usr/lib/gcc/arm-none-eabi/13.2.1/../../../arm-none-eabi/lib/thumb/v7e-m+fp/hard/libg_nano.a(libc_a-strlen.o)
                0x08001ee4                        __exidx_end = .
                0x08001ee4                        . = ALIGN (0x4)

.preinit_array  0x08001ee4        0x0
                0x08001ee4                        . = ALIGN (0x4)
                0x08001ee4                        PROVIDE (__preinit_array_start = .)
 *(.preinit_array*)
                0x08001ee4                        PROVIDE (__preinit_array_end = .)
                0x08001ee4                        . = ALIGN (0x4)

.init_array     0x08001ee4        0x4
                0x08001ee4                        . = ALIGN (0x4)
                0x08001ee4                        PROVIDE (__init_array_start = .)
 *(SORT_BY_NAME(.init_array.*))
 *(.init_array*)
 .init_array    0x08001ee4        0x4 /usr/lib/gcc/arm-none-eabi/13.2.1/thumb/v7e-m+fp/hard/crtbegin.o
                0x08001ee8                        PROVIDE (__init_array_end = .)
                0x08001ee8                        . = ALIGN (0x4)

.fini_array     0x08001ee8        0x4
                0x08001ee8                        . = ALIGN (0x4)
                0x08001ee8                        PROVIDE (__fini_array_start = .)
 *(SORT_BY_NAME(.fini_array.*))
 *(.fini_array*)
 .fini_array    0x08001ee8        0x4 /usr/lib/gcc/arm-none-eabi/13.2.1/thumb/v7e-m+fp/hard/crtbegin.o
                0x08001eec                        PROVIDE (__fini_array_end = .)
                0x08001eec                        . = ALIGN (0x4)
                0x08001eec                        _siccmram = LOADADDR (.ccmram)

.rel.dyn        0x08001eec        0x0
 .rel.iplt      0x08001eec        0x0 /usr/lib/gcc/arm-none-eabi/13.2.1/thumb/v7e-m+fp/hard/crtbegin.o

.ccmram         0x10000000        0x0 load address 0x08001eec
                0x10000000                        . = ALIGN (0x4)
                0x10000000                        _sccmram = .
 *(.ccmram)
 *(.ccmram*)
                0x10000000                        . = ALIGN (0x4)
                0x10000000                        _eccmram = .
                0x08001eec                        _sidata = LOADADDR (.data)

.data           0x20000000        0xc load address 0x08001eec
                0x20000000                        . = ALIGN (0x4)
                0x20000000                        _sdata = .
 *(.data)
 *(.data*)
 .data.SystemCoreClock
                0x20000000        0x4 cmake/stm32cubemx/CMakeFiles/STM32_Drivers.dir/__/__/Core/Src/system_stm32f3xx.c.obj
                0x20000000                SystemCoreClock
 .data.uwTickFreq
                0x20000004        0x1 cmake/stm32cubemx/CMakeFiles/STM32_Drivers.dir/__/__/Drivers/STM32F3xx_HAL_Driver/Src/stm32f3xx_hal.c.obj
                0x20000004                uwTickFreq
 *fill*         0x20000005        0x3 
 .data.uwTickPrio
                0x20000008        0x4 cmake/stm32cubemx/CMakeFiles/STM32_Drivers.dir/__/__/Drivers/STM32F3xx_HAL_Driver/Src/stm32f3xx_hal.c.obj
                0x20000008                uwTickPrio
 *(.RamFunc)
 *(.RamFunc*)
                0x2000000c                        . = ALIGN (0x4)

.tm_clone_table
                0x2000000c        0x0 load address 0x08001ef8
 .tm_clone_table
                0x2000000c        0x0 /usr/lib/gcc/arm-none-eabi/13.2.1/thumb/v7e-m+fp/hard/crtbegin.o
 .tm_clone_table
                0x2000000c        0x0 /usr/lib/gcc/arm-none-eabi/13.2.1/thumb/v7e-m+fp/hard/crtend.o

.igot.plt       0x2000000c        0x0 load address 0x08001ef8
 .igot.plt      0x2000000c        0x0 /usr/lib/gcc/arm-none-eabi/13.2.1/thumb/v7e-m+fp/hard/crtbegin.o

.tdata          0x2000000c        0x0 load address 0x08001ef8
 *(.tdata .tdata.* .gnu.linkonce.td.*)
                0x2000000c                        . = ALIGN (0x4)
                0x2000000c                        _edata = .
                [!provide]                        PROVIDE (__data_end = .)
                [!provide]                        PROVIDE (__tdata_end = .)
                [!provide]                        PROVIDE (__tdata_start = ADDR (.tdata))
                [!provide]                        PROVIDE (__tdata_size = (__tdata_end - __tdata_start))
                [!provide]                        PROVIDE (__data_start = ADDR (.data))
                [!provide]                        PROVIDE (__data_size = (__data_end - __data_start))
                [!provide]                        PROVIDE (__tdata_source = LOADADDR (.tdata))
                [!provide]                        PROVIDE (__tdata_source_end = (LOADADDR (.tdata) + SIZEOF (.tdata)))
                [!provide]                        PROVIDE (__tdata_source_size = (__tdata_source_end - __tdata_source))
                [!provide]                        PROVIDE (__data_source = LOADADDR (.data))
                [!provide]                        PROVIDE (__data_source_end = __tdata_source_end)
                [!provide]                        PROVIDE (__data_source_size = (__data_source_end - __data_source))

.tbss           0x2000000c        0x0 load address 0x08001ef8
                0x2000000c                        _sbss = .
                0x2000000c                        __bss_start__ = _sbss
 *(.tbss .tbss.*)
                0x2000000c                        . = ALIGN (0x4)
                [!provide]                        PROVIDE (__tbss_end = .)
                [!provide]                        PROVIDE (__tbss_start = ADDR (.tbss))
                [!provide]                        PROVIDE (__tbss_size = (__tbss_end - __tbss_start))
                [!provide]                        PROVIDE (__tbss_offset = (ADDR (.tbss) - ADDR (.tdata)))
                [!provide]                        PROVIDE (__tls_base = __tdata_start)
                [!provide]                        PROVIDE (__tls_end = __tbss_end)
                [!provide]                        PROVIDE (__tls_size = (__tls_end - __tls_base))
                [!provide]                        PROVIDE (__tls_align = MAX (ALIGNOF (.tdata), ALIGNOF (.tbss)))
                [!provide]                        PROVIDE (__tls_size_align = (((__tls_size + __tls_align) - 0x1) & ~ ((__tls_align - 0x1))))
                [!provide]                        PROVIDE (__arm32_tls_tcb_offset = MAX (0x8, __tls_align))
                [!provide]                        PROVIDE (__arm64_tls_tcb_offset = MAX (0x10, __tls_align))

.bss            0x2000000c      0x934 load address 0x08001ef8
 *(.bss)
 .bss           0x2000000c       0x1c /usr/lib/gcc/arm-none-eabi/13.2.1/thumb/v7e-m+fp/hard/crtbegin.o
 *(.bss*)
 .bss.hpcd_USB_FS
                0x20000028      0x2d4 CMakeFiles/MCI-Lab10.dir/Core/Src/main.c.obj
                0x20000028                hpcd_USB_FS
 .bss.huart2    0x200002fc       0x88 CMakeFiles/MCI-Lab10.dir/Core/Src/main.c.obj
                0x200002fc                huart2
 .bss.hspi1     0x20000384       0x64 CMakeFiles/MCI-Lab10.dir/Core/Src/main.c.obj
                0x20000384                hspi1
 .bss.hi2c1     0x200003e8       0x54 CMakeFiles/MCI-Lab10.dir/Core/Src/main.c.obj
                0x200003e8                hi2c1
 .bss.alloc_size
                0x2000043c      0x400 CMakeFiles/MCI-Lab10.dir/Core/Src/heap_driver.c.obj
 .bss.block_map
                0x2000083c      0x100 CMakeFiles/MCI-Lab10.dir/Core/Src/heap_driver.c.obj
 .bss.uwTick    0x2000093c        0x4 cmake/stm32cubemx/CMakeFiles/STM32_Drivers.dir/__/__/Drivers/STM32F3xx_HAL_Driver/Src/stm32f3xx_hal.c.obj
                0x2000093c                uwTick
 *(COMMON)
                0x20000940                        . = ALIGN (0x4)
                0x20000940                        _ebss = .
                0x20000940                        __bss_end__ = _ebss
                [!provide]                        PROVIDE (__bss_end = .)
                [!provide]                        PROVIDE (__non_tls_bss_start = ADDR (.bss))
                [!provide]                        PROVIDE (__bss_start = __tbss_start)
                [!provide]                        PROVIDE (__bss_size = (__bss_end - __bss_start))

._user_heap_stack
                0x20000940      0x600 load address 0x08001ef8
                0x20000940                        . = ALIGN (0x8)
                [!provide]                        PROVIDE (end = .)
                0x20000940                        PROVIDE (_end = .)
                0x20000b40                        . = (. + _Min_Heap_Size)
 *fill*         0x20000940      0x200 
                0x20000f40                        . = (. + _Min_Stack_Size)
 *fill*         0x20000b40      0x400 
                0x20000f40                        . = ALIGN (0x8)

/DISCARD/
 libc.a:*(*)
 libm.a:*(*)
 libgcc.a:*(*)
OUTPUT(MCI-Lab10.elf elf32-littlearm)
LOAD linker stubs

.ARM.attributes
                0x00000000       0x30
 .ARM.attributes
                0x00000000       0x22 /usr/lib/gcc/arm-none-eabi/13.2.1/thumb/v7e-m+fp/hard/crti.o
 .ARM.attributes
                0x00000022       0x34 /usr/lib/gcc/arm-none-eabi/13.2.1/thumb/v7e-m+fp/hard/crtbegin.o
 .ARM.attributes
                0x00000056       0x34 CMakeFiles/MCI-Lab10.dir/Core/Src/main.c.obj
 .ARM.attributes
                0x0000008a       0x34 CMakeFiles/MCI-Lab10.dir/Core/Src/heap_driver.c.obj
 .ARM.attributes
                0x000000be       0x34 CMakeFiles/MCI-Lab10.dir/Core/Src/stm32f3xx_it.c.obj
 .ARM.attributes
                0x000000f2       0x34 CMakeFiles/MCI-Lab10.dir/Core/Src/stm32f3xx_hal_msp.c.obj
 .ARM.attributes
                0x00000126       0x21 CMakeFiles/MCI-Lab10.dir/startup_stm32f303xc.s.obj
 .ARM.attributes
                0x00000147       0x34 cmake/stm32cubemx/CMakeFiles/STM32_Drivers.dir/__/__/Core/Src/system_stm32f3xx.c.obj
 .ARM.attributes
                0x0000017b       0x34 cmake/stm32cubemx/CMakeFiles/STM32_Drivers.dir/__/__/Drivers/STM32F3xx_HAL_Driver/Src/stm32f3xx_ll_usb.c.obj
 .ARM.attributes
                0x000001af       0x34 cmake/stm32cubemx/CMakeFiles/STM32_Drivers.dir/__/__/Drivers/STM32F3xx_HAL_Driver/Src/stm32f3xx_hal_i2c.c.obj
 .ARM.attributes
                0x000001e3       0x34 cmake/stm32cubemx/CMakeFiles/STM32_Drivers.dir/__/__/Drivers/STM32F3xx_HAL_Driver/Src/stm32f3xx_hal_i2c_ex.c.obj
 .ARM.attributes
                0x00000217       0x34 cmake/stm32cubemx/CMakeFiles/STM32_Drivers.dir/__/__/Drivers/STM32F3xx_HAL_Driver/Src/stm32f3xx_hal.c.obj
 .ARM.attributes
                0x0000024b       0x34 cmake/stm32cubemx/CMakeFiles/STM32_Drivers.dir/__/__/Drivers/STM32F3xx_HAL_Driver/Src/stm32f3xx_hal_rcc.c.obj
 .ARM.attributes
                0x0000027f       0x34 cmake/stm32cubemx/CMakeFiles/STM32_Drivers.dir/__/__/Drivers/STM32F3xx_HAL_Driver/Src/stm32f3xx_hal_rcc_ex.c.obj
 .ARM.attributes
                0x000002b3       0x34 cmake/stm32cubemx/CMakeFiles/STM32_Drivers.dir/__/__/Drivers/STM32F3xx_HAL_Driver/Src/stm32f3xx_hal_gpio.c.obj
 .ARM.attributes
                0x000002e7       0x34 cmake/stm32cubemx/CMakeFiles/STM32_Drivers.dir/__/__/Drivers/STM32F3xx_HAL_Driver/Src/stm32f3xx_hal_cortex.c.obj
 .ARM.attributes
                0x0000031b       0x34 cmake/stm32cubemx/CMakeFiles/STM32_Drivers.dir/__/__/Drivers/STM32F3xx_HAL_Driver/Src/stm32f3xx_hal_spi.c.obj
 .ARM.attributes
                0x0000034f       0x34 cmake/stm32cubemx/CMakeFiles/STM32_Drivers.dir/__/__/Drivers/STM32F3xx_HAL_Driver/Src/stm32f3xx_hal_uart.c.obj
 .ARM.attributes
                0x00000383       0x34 cmake/stm32cubemx/CMakeFiles/STM32_Drivers.dir/__/__/Drivers/STM32F3xx_HAL_Driver/Src/stm32f3xx_hal_pcd.c.obj
 .ARM.attributes
                0x000003b7       0x34 /usr/lib/gcc/arm-none-eabi/13.2.1/../../../arm-none-eabi/lib/thumb/v7e-m+fp/hard/libg_nano.a(libc_a-strcpy.o)
 .ARM.attributes
                0x000003eb       0x34 /usr/lib/gcc/arm-none-eabi/13.2.1/../../../arm-none-eabi/lib/thumb/v7e-m+fp/hard/libg_nano.a(libc_a-init.o)
 .ARM.attributes
                0x0000041f       0x1c /usr/lib/gcc/arm-none-eabi/13.2.1/../../../arm-none-eabi/lib/thumb/v7e-m+fp/hard/libg_nano.a(libc_a-strlen.o)
 .ARM.attributes
                0x0000043b       0x34 /usr/lib/gcc/arm-none-eabi/13.2.1/../../../arm-none-eabi/lib/thumb/v7e-m+fp/hard/libg_nano.a(libc_a-memset.o)
 .ARM.attributes
                0x0000046f       0x34 /usr/lib/gcc/arm-none-eabi/13.2.1/thumb/v7e-m+fp/hard/crtend.o
 .ARM.attributes
                0x000004a3       0x22 /usr/lib/gcc/arm-none-eabi/13.2.1/thumb/v7e-m+fp/hard/crtn.o

.comment        0x00000000       0x26
 .comment       0x00000000       0x26 /usr/lib/gcc/arm-none-eabi/13.2.1/thumb/v7e-m+fp/hard/crtbegin.o
                                 0x27 (size before relaxing)
 .comment       0x00000026       0x27 CMakeFiles/MCI-Lab10.dir/Core/Src/main.c.obj
 .comment       0x00000026       0x27 CMakeFiles/MCI-Lab10.dir/Core/Src/heap_driver.c.obj
 .comment       0x00000026       0x27 CMakeFiles/MCI-Lab10.dir/Core/Src/stm32f3xx_it.c.obj
 .comment       0x00000026       0x27 CMakeFiles/MCI-Lab10.dir/Core/Src/stm32f3xx_hal_msp.c.obj
 .comment       0x00000026       0x27 cmake/stm32cubemx/CMakeFiles/STM32_Drivers.dir/__/__/Core/Src/system_stm32f3xx.c.obj
 .comment       0x00000026       0x27 cmake/stm32cubemx/CMakeFiles/STM32_Drivers.dir/__/__/Drivers/STM32F3xx_HAL_Driver/Src/stm32f3xx_ll_usb.c.obj
 .comment       0x00000026       0x27 cmake/stm32cubemx/CMakeFiles/STM32_Drivers.dir/__/__/Drivers/STM32F3xx_HAL_Driver/Src/stm32f3xx_hal_i2c.c.obj
 .comment       0x00000026       0x27 cmake/stm32cubemx/CMakeFiles/STM32_Drivers.dir/__/__/Drivers/STM32F3xx_HAL_Driver/Src/stm32f3xx_hal_i2c_ex.c.obj
 .comment       0x00000026       0x27 cmake/stm32cubemx/CMakeFiles/STM32_Drivers.dir/__/__/Drivers/STM32F3xx_HAL_Driver/Src/stm32f3xx_hal.c.obj
 .comment       0x00000026       0x27 cmake/stm32cubemx/CMakeFiles/STM32_Drivers.dir/__/__/Drivers/STM32F3xx_HAL_Driver/Src/stm32f3xx_hal_rcc.c.obj
 .comment       0x00000026       0x27 cmake/stm32cubemx/CMakeFiles/STM32_Drivers.dir/__/__/Drivers/STM32F3xx_HAL_Driver/Src/stm32f3xx_hal_rcc_ex.c.obj
 .comment       0x00000026       0x27 cmake/stm32cubemx/CMakeFiles/STM32_Drivers.dir/__/__/Drivers/STM32F3xx_HAL_Driver/Src/stm32f3xx_hal_gpio.c.obj
 .comment       0x00000026       0x27 cmake/stm32cubemx/CMakeFiles/STM32_Drivers.dir/__/__/Drivers/STM32F3xx_HAL_Driver/Src/stm32f3xx_hal_cortex.c.obj
 .comment       0x00000026       0x27 cmake/stm32cubemx/CMakeFiles/STM32_Drivers.dir/__/__/Drivers/STM32F3xx_HAL_Driver/Src/stm32f3xx_hal_spi.c.obj
 .comment       0x00000026       0x27 cmake/stm32cubemx/CMakeFiles/STM32_Drivers.dir/__/__/Drivers/STM32F3xx_HAL_Driver/Src/stm32f3xx_hal_uart.c.obj
 .comment       0x00000026       0x27 cmake/stm32cubemx/CMakeFiles/STM32_Drivers.dir/__/__/Drivers/STM32F3xx_HAL_Driver/Src/stm32f3xx_hal_pcd.c.obj
 .comment       0x00000026       0x27 /usr/lib/gcc/arm-none-eabi/13.2.1/../../../arm-none-eabi/lib/thumb/v7e-m+fp/hard/libg_nano.a(libc_a-strcpy.o)
 .comment       0x00000026       0x27 /usr/lib/gcc/arm-none-eabi/13.2.1/../../../arm-none-eabi/lib/thumb/v7e-m+fp/hard/libg_nano.a(libc_a-init.o)
 .comment       0x00000026       0x27 /usr/lib/gcc/arm-none-eabi/13.2.1/../../../arm-none-eabi/lib/thumb/v7e-m+fp/hard/libg_nano.a(libc_a-memset.o)
 .comment       0x00000026       0x27 /usr/lib/gcc/arm-none-eabi/13.2.1/thumb/v7e-m+fp/hard/crtend.o

.debug_info     0x00000000      0x336
 .debug_info    0x00000000       0xc3 /usr/lib/gcc/arm-none-eabi/13.2.1/../../../arm-none-eabi/lib/thumb/v7e-m+fp/hard/libg_nano.a(libc_a-strcpy.o)
 .debug_info    0x000000c3      0x10b /usr/lib/gcc/arm-none-eabi/13.2.1/../../../arm-none-eabi/lib/thumb/v7e-m+fp/hard/libg_nano.a(libc_a-init.o)
 .debug_info    0x000001ce       0x33 /usr/lib/gcc/arm-none-eabi/13.2.1/../../../arm-none-eabi/lib/thumb/v7e-m+fp/hard/libg_nano.a(libc_a-strlen.o)
 .debug_info    0x00000201      0x135 /usr/lib/gcc/arm-none-eabi/13.2.1/../../../arm-none-eabi/lib/thumb/v7e-m+fp/hard/libg_nano.a(libc_a-memset.o)

.debug_abbrev   0x00000000      0x223
 .debug_abbrev  0x00000000       0x7b /usr/lib/gcc/arm-none-eabi/13.2.1/../../../arm-none-eabi/lib/thumb/v7e-m+fp/hard/libg_nano.a(libc_a-strcpy.o)
 .debug_abbrev  0x0000007b       0xc9 /usr/lib/gcc/arm-none-eabi/13.2.1/../../../arm-none-eabi/lib/thumb/v7e-m+fp/hard/libg_nano.a(libc_a-init.o)
 .debug_abbrev  0x00000144       0x28 /usr/lib/gcc/arm-none-eabi/13.2.1/../../../arm-none-eabi/lib/thumb/v7e-m+fp/hard/libg_nano.a(libc_a-strlen.o)
 .debug_abbrev  0x0000016c       0xb7 /usr/lib/gcc/arm-none-eabi/13.2.1/../../../arm-none-eabi/lib/thumb/v7e-m+fp/hard/libg_nano.a(libc_a-memset.o)

.debug_loclists
                0x00000000      0x253
 .debug_loclists
                0x00000000       0x2c /usr/lib/gcc/arm-none-eabi/13.2.1/../../../arm-none-eabi/lib/thumb/v7e-m+fp/hard/libg_nano.a(libc_a-strcpy.o)
 .debug_loclists
                0x0000002c       0x65 /usr/lib/gcc/arm-none-eabi/13.2.1/../../../arm-none-eabi/lib/thumb/v7e-m+fp/hard/libg_nano.a(libc_a-init.o)
 .debug_loclists
                0x00000091      0x1c2 /usr/lib/gcc/arm-none-eabi/13.2.1/../../../arm-none-eabi/lib/thumb/v7e-m+fp/hard/libg_nano.a(libc_a-memset.o)

.debug_aranges  0x00000000       0x80
 .debug_aranges
                0x00000000       0x20 /usr/lib/gcc/arm-none-eabi/13.2.1/../../../arm-none-eabi/lib/thumb/v7e-m+fp/hard/libg_nano.a(libc_a-strcpy.o)
 .debug_aranges
                0x00000020       0x20 /usr/lib/gcc/arm-none-eabi/13.2.1/../../../arm-none-eabi/lib/thumb/v7e-m+fp/hard/libg_nano.a(libc_a-init.o)
 .debug_aranges
                0x00000040       0x20 /usr/lib/gcc/arm-none-eabi/13.2.1/../../../arm-none-eabi/lib/thumb/v7e-m+fp/hard/libg_nano.a(libc_a-strlen.o)
 .debug_aranges
                0x00000060       0x20 /usr/lib/gcc/arm-none-eabi/13.2.1/../../../arm-none-eabi/lib/thumb/v7e-m+fp/hard/libg_nano.a(libc_a-memset.o)

.debug_rnglists
                0x00000000       0x14
 .debug_rnglists
                0x00000000       0x14 /usr/lib/gcc/arm-none-eabi/13.2.1/../../../arm-none-eabi/lib/thumb/v7e-m+fp/hard/libg_nano.a(libc_a-strcpy.o)

.debug_line     0x00000000      0x413
 .debug_line    0x00000000       0xb9 /usr/lib/gcc/arm-none-eabi/13.2.1/../../../arm-none-eabi/lib/thumb/v7e-m+fp/hard/libg_nano.a(libc_a-strcpy.o)
 .debug_line    0x000000b9      0x11e /usr/lib/gcc/arm-none-eabi/13.2.1/../../../arm-none-eabi/lib/thumb/v7e-m+fp/hard/libg_nano.a(libc_a-init.o)
 .debug_line    0x000001d7       0x86 /usr/lib/gcc/arm-none-eabi/13.2.1/../../../arm-none-eabi/lib/thumb/v7e-m+fp/hard/libg_nano.a(libc_a-strlen.o)
 .debug_line    0x0000025d      0x1b6 /usr/lib/gcc/arm-none-eabi/13.2.1/../../../arm-none-eabi/lib/thumb/v7e-m+fp/hard/libg_nano.a(libc_a-memset.o)

.debug_str      0x00000000      0x290
 .debug_str     0x00000000      0x290 /usr/lib/gcc/arm-none-eabi/13.2.1/../../../arm-none-eabi/lib/thumb/v7e-m+fp/hard/libg_nano.a(libc_a-strcpy.o)
                                0x197 (size before relaxing)
 .debug_str     0x00000290      0x1fa /usr/lib/gcc/arm-none-eabi/13.2.1/../../../arm-none-eabi/lib/thumb/v7e-m+fp/hard/libg_nano.a(libc_a-init.o)
 .debug_str     0x00000290       0xab /usr/lib/gcc/arm-none-eabi/13.2.1/../../../arm-none-eabi/lib/thumb/v7e-m+fp/hard/libg_nano.a(libc_a-strlen.o)
 .debug_str     0x00000290      0x1ad /usr/lib/gcc/arm-none-eabi/13.2.1/../../../arm-none-eabi/lib/thumb/v7e-m+fp/hard/libg_nano.a(libc_a-memset.o)

.debug_frame    0x00000000       0x78
 .debug_frame   0x00000000       0x20 /usr/lib/gcc/arm-none-eabi/13.2.1/../../../arm-none-eabi/lib/thumb/v7e-m+fp/hard/libg_nano.a(libc_a-strcpy.o)
 .debug_frame   0x00000020       0x2c /usr/lib/gcc/arm-none-eabi/13.2.1/../../../arm-none-eabi/lib/thumb/v7e-m+fp/hard/libg_nano.a(libc_a-init.o)
 .debug_frame   0x0000004c       0x2c /usr/lib/gcc/arm-none-eabi/13.2.1/../../../arm-none-eabi/lib/thumb/v7e-m+fp/hard/libg_nano.a(libc_a-memset.o)

.debug_line_str
                0x00000000       0x98
 .debug_line_str
                0x00000000       0x98 /usr/lib/gcc/arm-none-eabi/13.2.1/../../../arm-none-eabi/lib/thumb/v7e-m+fp/hard/libg_nano.a(libc_a-strlen.o)
